error[E0080]: evaluation of `main::{constant#0}` failed
 --> tests/compile-fail/base_can_id_too_high.rs:2:11
  |
2 |     let id = can_socket::base_id!(0x800);
  |              ^^^^^^^^^^^^^^^^^^^^^^^^^^^ the evaluated program panicked at 'invalid base CAN ID', $DIR/tests/compile-fail/base_can_id_too_high.rs:2:14
  |
  = note: this error originates in the macro `$crate::panic::panic_2021` which comes from the expansion of the macro `can_socket::base_id` (in Nightly builds, run with -Z macro-backtrace for more info)

note: erroneous constant encountered
 --> tests/compile-fail/base_can_id_too_high.rs:2:11
  |
2 |     let id = can_socket::base_id!(0x800);
  |              ^^^^^^^^^^^^^^^^^^^^^^^^^^^
  |
  = note: this note originates in the macro `can_socket::base_id` (in Nightly builds, run with -Z macro-backtrace for more info)
