error[E0277]: the trait bound `u16: Neg` is not satisfied
 --> tests/compile-fail/can_id_negative2.rs:2:34
  |
2 |     let _id = can_socket::id!(base: -2);
  |                                     ^^ the trait `Neg` is not implemented for `u16`
  |
  = help: the following other types implement trait `Neg`:
            &f128
            &f16
            &f32
            &f64
            &i128
            &i16
            &i32
            &i64
          and $N others

error[E0600]: cannot apply unary operator `-` to type `u16`
 --> tests/compile-fail/can_id_negative2.rs:2:34
  |
2 |     let _id = can_socket::id!(base: -2);
  |                                     ^^ cannot apply unary operator `-`
  |
  = note: unsigned values cannot be negated
